%!Adobe-FontList 1.19
%Locale:0x409

%BeginFont
Handler:DirectoryHandler
FontType:Type1
FontName:DINPro-Bold
FamilyName:DIN Pro
StyleName:Bold
FullName:DINPro-Bold
MenuName:DINPro-Bold
StyleBits:0
WritingScript:Roman
OutlineFileName:F:\books\RSG-SERIES\RSG-Money and the Economy\cover\Document fonts\DINPro-Bold.otf
DataFormat:sfntData
UsesStandardEncoding:yes
isCFF:yes
hasSVG:no
VariableFontType:NonVariableFont
FileLength:113208
FileModTime:1569096084
WeightClass:700
WidthClass:5
AngleClass:0
NameArray:0,Mac,4,DINPro-Bold
NameArray:0,Win,1,DINPro-Bold
NameArray:0,Win,16,DIN Pro
%EndFont

%BeginFont
Handler:DirectoryHandler
FontType:Type1
FontName:DINPro
FamilyName:DIN Pro
StyleName:Regular
FullName:DINPro
MenuName:DINPro
StyleBits:0
WritingScript:Roman
OutlineFileName:F:\books\RSG-SERIES\RSG-Money and the Economy\cover\Document fonts\DINPro.otf
DataFormat:sfntData
UsesStandardEncoding:yes
isCFF:yes
hasSVG:no
VariableFontType:NonVariableFont
FileLength:110156
FileModTime:1569096084
WeightClass:400
WidthClass:5
AngleClass:0
NameArray:0,Mac,4,DINPro
NameArray:0,Win,1,DINPro
NameArray:0,Win,16,DIN Pro
%EndFont

%BeginFont
Handler:DirectoryHandler
FontType:Type1
FontName:SurferShopBTN-Bold
FamilyName:Surfer Shop BTN
StyleName:Bold
FullName:Surfer Shop BTN Bold
MenuName:Surfer Shop BTN
StyleBits:0
WritingScript:Roman
OutlineFileName:F:\books\RSG-SERIES\RSG-Money and the Economy\cover\Document fonts\Breaking the Norm - SurferShopBTN-Bold.otf
DataFormat:sfntData
UsesStandardEncoding:yes
isCFF:yes
hasSVG:no
VariableFontType:NonVariableFont
FileLength:33560
FileModTime:1569096084
WeightClass:700
WidthClass:5
AngleClass:0
NameArray:0,Mac,4,Surfer Shop BTN Bold
NameArray:0,Win,1,Surfer Shop BTN
%EndFont

%BeginFont
Handler:DirectoryHandler
FontType:Type1
FontName:SurferShopBTN
FamilyName:Surfer Shop BTN
StyleName:Regular
FullName:Surfer Shop BTN
MenuName:Surfer Shop BTN
StyleBits:0
WritingScript:Roman
OutlineFileName:F:\books\RSG-SERIES\RSG-Money and the Economy\cover\Document fonts\Breaking the Norm - SurferShopBTN.otf
DataFormat:sfntData
UsesStandardEncoding:yes
isCFF:yes
hasSVG:no
VariableFontType:NonVariableFont
FileLength:36292
FileModTime:1569096084
WeightClass:550
WidthClass:5
AngleClass:0
NameArray:0,Mac,4,Surfer Shop BTN
NameArray:0,Win,1,Surfer Shop BTN
%EndFont

%BeginFont
Handler:DirectoryHandler
FontType:TrueType
FontName:FontdinerSwanky
FamilyName:Fontdiner Swanky
StyleName:Regular
FullName:Fontdiner Swanky
MenuName:Fontdiner Swanky
StyleBits:0
WritingScript:Roman
OutlineFileName:F:\books\RSG-SERIES\RSG-Money and the Economy\cover\Document fonts\FontdinerSwanky.ttf
DataFormat:sfntData
hasSVG:no
VariableFontType:NonVariableFont
FileLength:45524
FileModTime:1569096084
WeightClass:400
WidthClass:5
AngleClass:0
NameArray:0,Mac,18,Fontdiner Swanky
NameArray:0,Mac,4,Fontdiner Swanky
NameArray:0,Win,1,Fontdiner Swanky
NameArray:0,Win,16,Fontdiner Swanky
%EndFont

%BeginFont
Handler:DirectoryHandler
FontType:Type1
FontName:SquareMeal
FamilyName:Square Meal
StyleName:Regular
FullName:Square Meal
MenuName:Square Meal
StyleBits:0
WritingScript:Roman
OutlineFileName:F:\books\RSG-SERIES\RSG-Money and the Economy\cover\Document fonts\Font Diner - SquareMeal.otf
DataFormat:sfntData
UsesStandardEncoding:yes
isCFF:yes
hasSVG:no
VariableFontType:NonVariableFont
FileLength:47876
FileModTime:1569096084
WeightClass:550
WidthClass:5
AngleClass:0
NameArray:0,Mac,4,Square Meal
NameArray:0,Win,1,Square Meal
%EndFont

